Error: check_trait(Foo)

Caused by:
    0: prove_where_clause_well_formed(!ty_2 : Bar <!ty_1>)
    1: judgment `prove_wc_list { goal: {@ WellFormedTraitRef(Bar(!ty_0, !ty_1))}, assumptions: {Bar(!ty_0, !ty_1)}, env: Env { variables: [!ty_1, !ty_0], coherence_mode: false }, decls: decls(222, [trait Foo <ty, ty> where {Bar(^ty0_1, ^ty0_0)}, trait Bar <ty, ty> where {Baz(^ty0_1)}, trait Baz <ty> ], [], [], [], [], [], {Bar, Baz, Foo}, {}) }` failed at the following rule(s):
         the rule "some" failed at step #0 (crates/formality-prove/src/prove/prove_wc_list.rs:28:14) because
           judgment `prove_wc { goal: @ WellFormedTraitRef(Bar(!ty_0, !ty_1)), assumptions: {Bar(!ty_0, !ty_1)}, env: Env { variables: [!ty_1, !ty_0], coherence_mode: false }, decls: decls(222, [trait Foo <ty, ty> where {Bar(^ty0_1, ^ty0_0)}, trait Bar <ty, ty> where {Baz(^ty0_1)}, trait Baz <ty> ], [], [], [], [], [], {Bar, Baz, Foo}, {}) }` failed at the following rule(s):
             the rule "trait well formed" failed at step #2 (crates/formality-prove/src/prove/prove_wc.rs:147:14) because
               judgment `prove_wc_list { goal: {Baz(!ty_1)}, assumptions: {Bar(!ty_0, !ty_1)}, env: Env { variables: [!ty_1, !ty_0], coherence_mode: false }, decls: decls(222, [trait Foo <ty, ty> where {Bar(^ty0_1, ^ty0_0)}, trait Bar <ty, ty> where {Baz(^ty0_1)}, trait Baz <ty> ], [], [], [], [], [], {Bar, Baz, Foo}, {}) }` failed at the following rule(s):
                 the rule "some" failed at step #0 (crates/formality-prove/src/prove/prove_wc_list.rs:28:14) because
                   judgment `prove_wc { goal: Baz(!ty_1), assumptions: {Bar(!ty_0, !ty_1)}, env: Env { variables: [!ty_1, !ty_0], coherence_mode: false }, decls: decls(222, [trait Foo <ty, ty> where {Bar(^ty0_1, ^ty0_0)}, trait Bar <ty, ty> where {Baz(^ty0_1)}, trait Baz <ty> ], [], [], [], [], [], {Bar, Baz, Foo}, {}) }` failed at the following rule(s):
                     the rule "exhaustive positive impl" failed at step #3 (crates/formality-prove/src/prove/prove_wc.rs:68:14) because
                       judgment `collect` failed at the following rule(s):
                         failed at (crates/formality-core/src/judgment/proven_set.rs:192:13) because
                           empty collection
                     the rule "trait implied bound" failed at step #0 (crates/formality-prove/src/prove/prove_wc.rs:129:14) because
                       expression evaluated to an empty collection: `decls.trait_invariants()`
