Error: check_trait_impl(impl <const> Foo <const ^const0_0> for u32 where type_of_const ^const0_0 is u32 { })

Caused by:
    judgment `prove_wc_list { goal: {Foo(u32, const !const_0)}, assumptions: {@ ConstHasType(!const_0 , u32)}, env: Env { variables: [!const_0], coherence_mode: false }, decls: decls(222, [trait Foo <ty, const> where {@ ConstHasType(^const0_1 , bool)}], [impl <const> Foo(u32, const ^const0_0) where {@ ConstHasType(^const0_0 , u32)}], [], [], [], [], {Foo}, {}) }` failed at the following rule(s):
      the rule "some" failed at step #0 (crates/formality-prove/src/prove/prove_wc_list.rs:28:14) because
        judgment `prove_wc { goal: Foo(u32, const !const_0), assumptions: {@ ConstHasType(!const_0 , u32)}, env: Env { variables: [!const_0], coherence_mode: false }, decls: decls(222, [trait Foo <ty, const> where {@ ConstHasType(^const0_1 , bool)}], [impl <const> Foo(u32, const ^const0_0) where {@ ConstHasType(^const0_0 , u32)}], [], [], [], [], {Foo}, {}) }` failed at the following rule(s):
          the rule "exhaustive positive impl" failed at step #3 (crates/formality-prove/src/prove/prove_wc.rs:68:14) because
            judgment `collect` failed at the following rule(s):
              failed at (crates/formality-core/src/judgment/proven_set.rs:192:13) because
                empty collection
          the rule "positive impl" failed at step #7 (crates/formality-prove/src/prove/prove_wc.rs:100:14) because
            judgment `prove_after { constraints: Constraints { env: Env { variables: [!const_0, ?const_1], coherence_mode: false }, known_true: true, substitution: {?const_1 => const !const_0} }, goal: {@ ConstHasType(?const_1 , bool)}, assumptions: {@ ConstHasType(!const_0 , u32)}, decls: decls(222, [trait Foo <ty, const> where {@ ConstHasType(^const0_1 , bool)}], [impl <const> Foo(u32, const ^const0_0) where {@ ConstHasType(^const0_0 , u32)}], [], [], [], [], {Foo}, {}) }` failed at the following rule(s):
              the rule "prove_after" failed at step #1 (crates/formality-prove/src/prove/prove_after.rs:19:14) because
                judgment `prove_wc_list { goal: {@ ConstHasType(!const_0 , bool)}, assumptions: {@ ConstHasType(!const_0 , u32)}, env: Env { variables: [!const_0], coherence_mode: false }, decls: decls(222, [trait Foo <ty, const> where {@ ConstHasType(^const0_1 , bool)}], [impl <const> Foo(u32, const ^const0_0) where {@ ConstHasType(^const0_0 , u32)}], [], [], [], [], {Foo}, {}) }` failed at the following rule(s):
                  the rule "some" failed at step #0 (crates/formality-prove/src/prove/prove_wc_list.rs:28:14) because
                    judgment `prove_wc { goal: @ ConstHasType(!const_0 , bool), assumptions: {@ ConstHasType(!const_0 , u32)}, env: Env { variables: [!const_0], coherence_mode: false }, decls: decls(222, [trait Foo <ty, const> where {@ ConstHasType(^const0_1 , bool)}], [impl <const> Foo(u32, const ^const0_0) where {@ ConstHasType(^const0_0 , u32)}], [], [], [], [], {Foo}, {}) }` failed at the following rule(s):
                      the rule "const has ty" failed at step #0 (crates/formality-prove/src/prove/prove_wc.rs:183:43) because
                        pattern `Some((_, const_ty))` did not match value `None`
          the rule "trait implied bound" failed at step #0 (crates/formality-prove/src/prove/prove_wc.rs:129:14) because
            expression evaluated to an empty collection: `decls.trait_invariants()`
