Error: orphan_check(impl <ty> CoreTrait <FooStruct> for ^ty0_0 { })

Caused by:
    judgment `prove_wc_list { goal: {@ IsLocal(CoreTrait(!ty_0, FooStruct))}, assumptions: {}, env: Env { variables: [!ty_0], coherence_mode: true }, decls: decls(222, [trait CoreTrait <ty, ty> ], [impl <ty> CoreTrait(^ty0_0, FooStruct)], [], [], [], [adt FooStruct ], {}, {FooStruct}) }` failed at the following rule(s):
      the rule "some" failed at step #0 (crates/formality-prove/src/prove/prove_wc_list.rs:28:14) because
        judgment `prove_wc { goal: @ IsLocal(CoreTrait(!ty_0, FooStruct)), assumptions: {}, env: Env { variables: [!ty_0], coherence_mode: true }, decls: decls(222, [trait CoreTrait <ty, ty> ], [impl <ty> CoreTrait(^ty0_0, FooStruct)], [], [], [], [adt FooStruct ], {}, {FooStruct}) }` failed at the following rule(s):
          the rule "trait ref is local" failed at step #0 (crates/formality-prove/src/prove/prove_wc.rs:153:14) because
            judgment `is_local_trait_ref { goal: CoreTrait(!ty_0, FooStruct), assumptions: {}, env: Env { variables: [!ty_0], coherence_mode: true }, decls: decls(222, [trait CoreTrait <ty, ty> ], [impl <ty> CoreTrait(^ty0_0, FooStruct)], [], [], [], [adt FooStruct ], {}, {FooStruct}) }` failed at the following rule(s):
              the rule "local trait" failed at step #0 (crates/formality-prove/src/prove/is_local.rs:70:17) because
                condition evaluted to false: `decls.is_local_trait_id(&goal.trait_id)`
                  decls = decls(222, [trait CoreTrait <ty, ty> ], [impl <ty> CoreTrait(^ty0_0, FooStruct)], [], [], [], [adt FooStruct ], {}, {FooStruct})
                  &goal.trait_id = CoreTrait
